Archive member included to satisfy reference by file (symbol)

/opt/Atollic_TrueSTUDIO_for_STM32_x86_64_9.3.0/ARMTools/bin/../lib/gcc/arm-atollic-eabi/6.3.1/../../../../arm-atollic-eabi/lib/armv7-m/libc_nano.a(lib_a-errno.o)
                              Src/syscalls.o (__errno)
/opt/Atollic_TrueSTUDIO_for_STM32_x86_64_9.3.0/ARMTools/bin/../lib/gcc/arm-atollic-eabi/6.3.1/../../../../arm-atollic-eabi/lib/armv7-m/libc_nano.a(lib_a-impure.o)
                              /opt/Atollic_TrueSTUDIO_for_STM32_x86_64_9.3.0/ARMTools/bin/../lib/gcc/arm-atollic-eabi/6.3.1/../../../../arm-atollic-eabi/lib/armv7-m/libc_nano.a(lib_a-errno.o) (_impure_ptr)
/opt/Atollic_TrueSTUDIO_for_STM32_x86_64_9.3.0/ARMTools/bin/../lib/gcc/arm-atollic-eabi/6.3.1/../../../../arm-atollic-eabi/lib/armv7-m/libc_nano.a(lib_a-init.o)
                              startup/startup_stm32l152xe.o (__libc_init_array)
/opt/Atollic_TrueSTUDIO_for_STM32_x86_64_9.3.0/ARMTools/bin/../lib/gcc/arm-atollic-eabi/6.3.1/../../../../arm-atollic-eabi/lib/armv7-m/libc_nano.a(lib_a-memcpy-stub.o)
                              Middlewares/Third_Party/FreeRTOS/Source/queue.o (memcpy)
/opt/Atollic_TrueSTUDIO_for_STM32_x86_64_9.3.0/ARMTools/bin/../lib/gcc/arm-atollic-eabi/6.3.1/../../../../arm-atollic-eabi/lib/armv7-m/libc_nano.a(lib_a-memset.o)
                              Src/main.o (memset)

Allocating common symbols
Common symbol       size              file

defaultTaskHandle   0x4               Src/main.o
uwTick              0x4               Drivers/STM32L1xx_HAL_Driver/Src/stm32l1xx_hal.o
xQueueRegistry      0x40              Middlewares/Third_Party/FreeRTOS/Source/queue.o
ledTaskHandle       0x4               Src/main.o
pFlash              0x18              Drivers/STM32L1xx_HAL_Driver/Src/stm32l1xx_hal_flash.o
eventQueueHandle    0x4               Src/main.o
buttonTaskHandle    0x4               Src/main.o
htim2               0x38              Src/stm32l1xx_hal_timebase_tim.o
huart2              0x40              Src/main.o

Discarded input sections

 .text          0x0000000000000000        0x0 /opt/Atollic_TrueSTUDIO_for_STM32_x86_64_9.3.0/ARMTools/bin/../lib/gcc/arm-atollic-eabi/6.3.1/armv7-m/crti.o
 .data          0x0000000000000000        0x0 /opt/Atollic_TrueSTUDIO_for_STM32_x86_64_9.3.0/ARMTools/bin/../lib/gcc/arm-atollic-eabi/6.3.1/armv7-m/crti.o
 .bss           0x0000000000000000        0x0 /opt/Atollic_TrueSTUDIO_for_STM32_x86_64_9.3.0/ARMTools/bin/../lib/gcc/arm-atollic-eabi/6.3.1/armv7-m/crti.o
 .data          0x0000000000000000        0x4 /opt/Atollic_TrueSTUDIO_for_STM32_x86_64_9.3.0/ARMTools/bin/../lib/gcc/arm-atollic-eabi/6.3.1/armv7-m/crtbegin.o
 .text          0x0000000000000000        0x0 Drivers/STM32L1xx_HAL_Driver/Src/stm32l1xx_hal.o
 .data          0x0000000000000000        0x0 Drivers/STM32L1xx_HAL_Driver/Src/stm32l1xx_hal.o
 .bss           0x0000000000000000        0x0 Drivers/STM32L1xx_HAL_Driver/Src/stm32l1xx_hal.o
 .text.HAL_MspInit
                0x0000000000000000        0x2 Drivers/STM32L1xx_HAL_Driver/Src/stm32l1xx_hal.o
 .text.HAL_MspDeInit
                0x0000000000000000        0x2 Drivers/STM32L1xx_HAL_Driver/Src/stm32l1xx_hal.o
 .text.HAL_DeInit
                0x0000000000000000       0x24 Drivers/STM32L1xx_HAL_Driver/Src/stm32l1xx_hal.o
 .text.HAL_InitTick
                0x0000000000000000       0x28 Drivers/STM32L1xx_HAL_Driver/Src/stm32l1xx_hal.o
 .text.HAL_Delay
                0x0000000000000000       0x1a Drivers/STM32L1xx_HAL_Driver/Src/stm32l1xx_hal.o
 .text.HAL_SuspendTick
                0x0000000000000000       0x10 Drivers/STM32L1xx_HAL_Driver/Src/stm32l1xx_hal.o
 .text.HAL_ResumeTick
                0x0000000000000000       0x10 Drivers/STM32L1xx_HAL_Driver/Src/stm32l1xx_hal.o
 .text.HAL_GetHalVersion
                0x0000000000000000        0x8 Drivers/STM32L1xx_HAL_Driver/Src/stm32l1xx_hal.o
 .text.HAL_GetREVID
                0x0000000000000000        0xc Drivers/STM32L1xx_HAL_Driver/Src/stm32l1xx_hal.o
 .text.HAL_GetDEVID
                0x0000000000000000       0x10 Drivers/STM32L1xx_HAL_Driver/Src/stm32l1xx_hal.o
 .text.HAL_DBGMCU_EnableDBGSleepMode
                0x0000000000000000       0x10 Drivers/STM32L1xx_HAL_Driver/Src/stm32l1xx_hal.o
 .text.HAL_DBGMCU_DisableDBGSleepMode
                0x0000000000000000       0x10 Drivers/STM32L1xx_HAL_Driver/Src/stm32l1xx_hal.o
 .text.HAL_DBGMCU_EnableDBGStopMode
                0x0000000000000000       0x10 Drivers/STM32L1xx_HAL_Driver/Src/stm32l1xx_hal.o
 .text.HAL_DBGMCU_DisableDBGStopMode
                0x0000000000000000       0x10 Drivers/STM32L1xx_HAL_Driver/Src/stm32l1xx_hal.o
 .text.HAL_DBGMCU_EnableDBGStandbyMode
                0x0000000000000000       0x10 Drivers/STM32L1xx_HAL_Driver/Src/stm32l1xx_hal.o
 .text.HAL_DBGMCU_DisableDBGStandbyMode
                0x0000000000000000       0x10 Drivers/STM32L1xx_HAL_Driver/Src/stm32l1xx_hal.o
[...]
Memory Configuration

Name             Origin             Length             Attributes
RAM              0x0000000020000000 0x0000000000014000 xrw
FLASH            0x0000000008000000 0x0000000000080000 xr
*default*        0x0000000000000000 0xffffffffffffffff

Linker script and memory map

LOAD /opt/Atollic_TrueSTUDIO_for_STM32_x86_64_9.3.0/ARMTools/bin/../lib/gcc/arm-atollic-eabi/6.3.1/armv7-m/crti.o
LOAD /opt/Atollic_TrueSTUDIO_for_STM32_x86_64_9.3.0/ARMTools/bin/../lib/gcc/arm-atollic-eabi/6.3.1/armv7-m/crtbegin.o
LOAD Drivers/STM32L1xx_HAL_Driver/Src/stm32l1xx_hal.o
LOAD Drivers/STM32L1xx_HAL_Driver/Src/stm32l1xx_hal_cortex.o
LOAD Drivers/STM32L1xx_HAL_Driver/Src/stm32l1xx_hal_dma.o
LOAD Drivers/STM32L1xx_HAL_Driver/Src/stm32l1xx_hal_flash.o
LOAD Drivers/STM32L1xx_HAL_Driver/Src/stm32l1xx_hal_flash_ex.o
LOAD Drivers/STM32L1xx_HAL_Driver/Src/stm32l1xx_hal_flash_ramfunc.o
LOAD Drivers/STM32L1xx_HAL_Driver/Src/stm32l1xx_hal_gpio.o
LOAD Drivers/STM32L1xx_HAL_Driver/Src/stm32l1xx_hal_pwr.o
LOAD Drivers/STM32L1xx_HAL_Driver/Src/stm32l1xx_hal_pwr_ex.o
LOAD Drivers/STM32L1xx_HAL_Driver/Src/stm32l1xx_hal_rcc.o
LOAD Drivers/STM32L1xx_HAL_Driver/Src/stm32l1xx_hal_rcc_ex.o
LOAD Drivers/STM32L1xx_HAL_Driver/Src/stm32l1xx_hal_tim.o
LOAD Drivers/STM32L1xx_HAL_Driver/Src/stm32l1xx_hal_tim_ex.o
LOAD Drivers/STM32L1xx_HAL_Driver/Src/stm32l1xx_hal_uart.o
LOAD Middlewares/Third_Party/FreeRTOS/Source/CMSIS_RTOS/cmsis_os.o
LOAD Middlewares/Third_Party/FreeRTOS/Source/croutine.o
LOAD Middlewares/Third_Party/FreeRTOS/Source/event_groups.o
LOAD Middlewares/Third_Party/FreeRTOS/Source/list.o
LOAD Middlewares/Third_Party/FreeRTOS/Source/portable/GCC/ARM_CM3/port.o
LOAD Middlewares/Third_Party/FreeRTOS/Source/portable/MemMang/heap_4.o
LOAD Middlewares/Third_Party/FreeRTOS/Source/queue.o
LOAD Middlewares/Third_Party/FreeRTOS/Source/tasks.o
LOAD Middlewares/Third_Party/FreeRTOS/Source/timers.o
LOAD Src/freertos.o
LOAD Src/main.o
LOAD Src/stm32l1xx_hal_msp.o
LOAD Src/stm32l1xx_hal_timebase_tim.o
LOAD Src/stm32l1xx_it.o
LOAD Src/syscalls.o
LOAD Src/system_stm32l1xx.o
LOAD startup/startup_stm32l152xe.o
                0x0000000000000080                malloc_getpagesize_P = 0x80
START GROUP
LOAD /opt/Atollic_TrueSTUDIO_for_STM32_x86_64_9.3.0/ARMTools/bin/../lib/gcc/arm-atollic-eabi/6.3.1/../../../../arm-atollic-eabi/lib/armv7-m/libc_nano.a
LOAD /opt/Atollic_TrueSTUDIO_for_STM32_x86_64_9.3.0/ARMTools/bin/../lib/gcc/arm-atollic-eabi/6.3.1/../../../../arm-atollic-eabi/lib/armv7-m/libm.a
END GROUP
START GROUP
LOAD /opt/Atollic_TrueSTUDIO_for_STM32_x86_64_9.3.0/ARMTools/bin/../lib/gcc/arm-atollic-eabi/6.3.1/armv7-m/libgcc.a
LOAD /opt/Atollic_TrueSTUDIO_for_STM32_x86_64_9.3.0/ARMTools/bin/../lib/gcc/arm-atollic-eabi/6.3.1/../../../../arm-atollic-eabi/lib/armv7-m/libc_nano.a
END GROUP
START GROUP
LOAD /opt/Atollic_TrueSTUDIO_for_STM32_x86_64_9.3.0/ARMTools/bin/../lib/gcc/arm-atollic-eabi/6.3.1/armv7-m/libgcc.a
LOAD /opt/Atollic_TrueSTUDIO_for_STM32_x86_64_9.3.0/ARMTools/bin/../lib/gcc/arm-atollic-eabi/6.3.1/../../../../arm-atollic-eabi/lib/armv7-m/libc_nano.a
LOAD /opt/Atollic_TrueSTUDIO_for_STM32_x86_64_9.3.0/ARMTools/bin/../lib/gcc/arm-atollic-eabi/6.3.1/../../../../arm-atollic-eabi/lib/armv7-m/libnosys.a
END GROUP
START GROUP
LOAD /opt/Atollic_TrueSTUDIO_for_STM32_x86_64_9.3.0/ARMTools/bin/../lib/gcc/arm-atollic-eabi/6.3.1/armv7-m/libgcc.a
LOAD /opt/Atollic_TrueSTUDIO_for_STM32_x86_64_9.3.0/ARMTools/bin/../lib/gcc/arm-atollic-eabi/6.3.1/../../../../arm-atollic-eabi/lib/armv7-m/libc_nano.a
LOAD /opt/Atollic_TrueSTUDIO_for_STM32_x86_64_9.3.0/ARMTools/bin/../lib/gcc/arm-atollic-eabi/6.3.1/../../../../arm-atollic-eabi/lib/armv7-m/libnosys.a
END GROUP
LOAD /opt/Atollic_TrueSTUDIO_for_STM32_x86_64_9.3.0/ARMTools/bin/../lib/gcc/arm-atollic-eabi/6.3.1/armv7-m/crtend.o
LOAD /opt/Atollic_TrueSTUDIO_for_STM32_x86_64_9.3.0/ARMTools/bin/../lib/gcc/arm-atollic-eabi/6.3.1/armv7-m/crtn.o
                0x0000000020014000                _estack = 0x20014000
                0x0000000000000200                _Min_Heap_Size = 0x200
                0x0000000000000400                _Min_Stack_Size = 0x400

.isr_vector     0x0000000008000000      0x13c
                0x0000000008000000                . = ALIGN (0x4)
 *(.isr_vector)
 .isr_vector    0x0000000008000000      0x13c startup/startup_stm32l152xe.o
                0x0000000008000000                g_pfnVectors
                0x000000000800013c                . = ALIGN (0x4)

.text           0x0000000008000140     0x2228
                0x0000000008000140                . = ALIGN (0x4)
 *(.text)
 .text          0x0000000008000140       0x40 /opt/Atollic_TrueSTUDIO_for_STM32_x86_64_9.3.0/ARMTools/bin/../lib/gcc/arm-atollic-eabi/6.3.1/armv7-m/crtbegin.o
 *(.text*)
 .text.HAL_Init
                0x0000000008000180       0x16 Drivers/STM32L1xx_HAL_Driver/Src/stm32l1xx_hal.o
                0x0000000008000180                HAL_Init
 *fill*         0x0000000008000196        0x2 
 .text.HAL_IncTick
                0x0000000008000198       0x10 Drivers/STM32L1xx_HAL_Driver/Src/stm32l1xx_hal.o
                0x0000000008000198                HAL_IncTick
 .text.HAL_GetTick
                0x00000000080001a8        0xc Drivers/STM32L1xx_HAL_Driver/Src/stm32l1xx_hal.o
                0x00000000080001a8                HAL_GetTick
 .text.HAL_NVIC_SetPriorityGrouping
                0x00000000080001b4       0x24 Drivers/STM32L1xx_HAL_Driver/Src/stm32l1xx_hal_cortex.o
                0x00000000080001b4                HAL_NVIC_SetPriorityGrouping
 .text.HAL_NVIC_SetPriority
                0x00000000080001d8       0x68 Drivers/STM32L1xx_HAL_Driver/Src/stm32l1xx_hal_cortex.o
                0x00000000080001d8                HAL_NVIC_SetPriority
 .text.HAL_NVIC_EnableIRQ
                0x0000000008000240       0x18 Drivers/STM32L1xx_HAL_Driver/Src/stm32l1xx_hal_cortex.o
                0x0000000008000240                HAL_NVIC_EnableIRQ
 .text.HAL_GPIO_Init
                0x0000000008000258      0x1a4 Drivers/STM32L1xx_HAL_Driver/Src/stm32l1xx_hal_gpio.o
                0x0000000008000258                HAL_GPIO_Init
 .text.HAL_GPIO_ReadPin
                0x00000000080003fc        0xc Drivers/STM32L1xx_HAL_Driver/Src/stm32l1xx_hal_gpio.o
                0x00000000080003fc                HAL_GPIO_ReadPin
 .text.HAL_GPIO_WritePin
                0x0000000008000408        0xa Drivers/STM32L1xx_HAL_Driver/Src/stm32l1xx_hal_gpio.o
                0x0000000008000408                HAL_GPIO_WritePin
 *fill*         0x0000000008000412        0x2 
 .text.RCC_SetFlashLatencyFromMSIRange
                0x0000000008000414       0x80 Drivers/STM32L1xx_HAL_Driver/Src/stm32l1xx_hal_rcc.o
 .text.HAL_RCC_OscConfig
                0x0000000008000494      0x6a8 Drivers/STM32L1xx_HAL_Driver/Src/stm32l1xx_hal_rcc.o
                0x0000000008000494                HAL_RCC_OscConfig
 .text.HAL_RCC_GetSysClockFreq
                0x0000000008000b3c       0x8c Drivers/STM32L1xx_HAL_Driver/Src/stm32l1xx_hal_rcc.o
                0x0000000008000b3c                HAL_RCC_GetSysClockFreq
 .text.HAL_RCC_ClockConfig
                0x0000000008000bc8      0x1bc Drivers/STM32L1xx_HAL_Driver/Src/stm32l1xx_hal_rcc.o
                0x0000000008000bc8                HAL_RCC_ClockConfig
 .text.HAL_RCC_GetPCLK1Freq
                0x0000000008000d84       0x30 Drivers/STM32L1xx_HAL_Driver/Src/stm32l1xx_hal_rcc.o
                0x0000000008000d84                HAL_RCC_GetPCLK1Freq
 .text.HAL_RCC_GetPCLK2Freq
                0x0000000008000db4       0x30 Drivers/STM32L1xx_HAL_Driver/Src/stm32l1xx_hal_rcc.o
                0x0000000008000db4                HAL_RCC_GetPCLK2Freq
 .text.HAL_RCC_GetClockConfig
                0x0000000008000de4       0x3c Drivers/STM32L1xx_HAL_Driver/Src/stm32l1xx_hal_rcc.o
                0x0000000008000de4                HAL_RCC_GetClockConfig
 .text.TIM_Base_SetConfig
                0x0000000008000e20       0x84 Drivers/STM32L1xx_HAL_Driver/Src/stm32l1xx_hal_tim.o
 .text.HAL_TIM_Base_MspInit
                0x0000000008000ea4        0x2 Drivers/STM32L1xx_HAL_Driver/Src/stm32l1xx_hal_tim.o
                0x0000000008000ea4                HAL_TIM_Base_MspInit
 .text.HAL_TIM_Base_Init
                0x0000000008000ea6       0x34 Drivers/STM32L1xx_HAL_Driver/Src/stm32l1xx_hal_tim.o
                0x0000000008000ea6                HAL_TIM_Base_Init
 .text.HAL_TIM_Base_Start_IT
                0x0000000008000eda       0x16 Drivers/STM32L1xx_HAL_Driver/Src/stm32l1xx_hal_tim.o
                0x0000000008000eda                HAL_TIM_Base_Start_IT
 .text.HAL_TIM_OC_DelayElapsedCallback
                0x0000000008000ef0        0x2 Drivers/STM32L1xx_HAL_Driver/Src/stm32l1xx_hal_tim.o
                0x0000000008000ef0                HAL_TIM_OC_DelayElapsedCallback
 .text.HAL_TIM_IC_CaptureCallback
                0x0000000008000ef2        0x2 Drivers/STM32L1xx_HAL_Driver/Src/stm32l1xx_hal_tim.o
                0x0000000008000ef2                HAL_TIM_IC_CaptureCallback
 .text.HAL_TIM_PWM_PulseFinishedCallback
                0x0000000008000ef4        0x2 Drivers/STM32L1xx_HAL_Driver/Src/stm32l1xx_hal_tim.o
                0x0000000008000ef4                HAL_TIM_PWM_PulseFinishedCallback
 .text.HAL_TIM_TriggerCallback
                0x0000000008000ef6        0x2 Drivers/STM32L1xx_HAL_Driver/Src/stm32l1xx_hal_tim.o
                0x0000000008000ef6                HAL_TIM_TriggerCallback
 .text.HAL_TIM_IRQHandler
                0x0000000008000ef8      0x10c Drivers/STM32L1xx_HAL_Driver/Src/stm32l1xx_hal_tim.o
                0x0000000008000ef8                HAL_TIM_IRQHandler
 .text.UART_SetConfig
                0x0000000008001004      0x244 Drivers/STM32L1xx_HAL_Driver/Src/stm32l1xx_hal_uart.o
 .text.HAL_UART_Init
                0x0000000008001248       0x58 Drivers/STM32L1xx_HAL_Driver/Src/stm32l1xx_hal_uart.o
                0x0000000008001248                HAL_UART_Init
 .text.osKernelStart
                0x00000000080012a0        0xa Middlewares/Third_Party/FreeRTOS/Source/CMSIS_RTOS/cmsis_os.o
                0x00000000080012a0                osKernelStart
 .text.osThreadCreate
                0x00000000080012aa       0x32 Middlewares/Third_Party/FreeRTOS/Source/CMSIS_RTOS/cmsis_os.o
                0x00000000080012aa                osThreadCreate
 .text.osDelay  0x00000000080012dc       0x10 Middlewares/Third_Party/FreeRTOS/Source/CMSIS_RTOS/cmsis_os.o
                0x00000000080012dc                osDelay
 .text.osMessageCreate
                0x00000000080012ec        0x8 Middlewares/Third_Party/FreeRTOS/Source/CMSIS_RTOS/cmsis_os.o
                0x00000000080012ec                osMessageCreate
 .text.vListInitialise
                0x00000000080012f4       0x16 Middlewares/Third_Party/FreeRTOS/Source/list.o
                0x00000000080012f4                vListInitialise
 .text.vListInitialiseItem
                0x000000000800130a        0x6 Middlewares/Third_Party/FreeRTOS/Source/list.o
                0x000000000800130a                vListInitialiseItem
 .text.vListInsertEnd
                0x0000000008001310       0x18 Middlewares/Third_Party/FreeRTOS/Source/list.o
                0x0000000008001310                vListInsertEnd
 .text.vListInsert
                0x0000000008001328       0x2e Middlewares/Third_Party/FreeRTOS/Source/list.o
                0x0000000008001328                vListInsert
 .text.uxListRemove
                0x0000000008001356       0x20 Middlewares/Third_Party/FreeRTOS/Source/list.o
                0x0000000008001356                uxListRemove
 *fill*         0x0000000008001376        0x2 
 .text.prvTaskExitError
                0x0000000008001378       0x30 Middlewares/Third_Party/FreeRTOS/Source/portable/GCC/ARM_CM3/port.o
 .text.prvPortStartFirstTask
                0x00000000080013a8       0x20 Middlewares/Third_Party/FreeRTOS/Source/portable/GCC/ARM_CM3/port.o
 .text.pxPortInitialiseStack
                0x00000000080013c8       0x24 Middlewares/Third_Party/FreeRTOS/Source/portable/GCC/ARM_CM3/port.o
                0x00000000080013c8                pxPortInitialiseStack
 *fill*         0x00000000080013ec        0x4 
 .text.SVC_Handler
                0x00000000080013f0       0x24 Middlewares/Third_Party/FreeRTOS/Source/portable/GCC/ARM_CM3/port.o
                0x00000000080013f0                SVC_Handler
 .text.vPortEnterCritical
                0x0000000008001414       0x44 Middlewares/Third_Party/FreeRTOS/Source/portable/GCC/ARM_CM3/port.o
                0x0000000008001414                vPortEnterCritical
 .text.vPortExitCritical
                0x0000000008001458       0x28 Middlewares/Third_Party/FreeRTOS/Source/portable/GCC/ARM_CM3/port.o
                0x0000000008001458                vPortExitCritical
 .text.PendSV_Handler
                0x0000000008001480       0x44 Middlewares/Third_Party/FreeRTOS/Source/portable/GCC/ARM_CM3/port.o
                0x0000000008001480                PendSV_Handler
 .text.SysTick_Handler
                0x00000000080014c4       0x2c Middlewares/Third_Party/FreeRTOS/Source/portable/GCC/ARM_CM3/port.o
                0x00000000080014c4                SysTick_Handler
 .text.vPortSetupTimerInterrupt
                0x00000000080014f0       0x28 Middlewares/Third_Party/FreeRTOS/Source/portable/GCC/ARM_CM3/port.o
                0x00000000080014f0                vPortSetupTimerInterrupt
 .text.xPortStartScheduler
                0x0000000008001518       0x94 Middlewares/Third_Party/FreeRTOS/Source/portable/GCC/ARM_CM3/port.o
                0x0000000008001518                xPortStartScheduler
 .text.unlikely.prvInsertBlockIntoFreeList
                0x00000000080015ac       0x48 Middlewares/Third_Party/FreeRTOS/Source/portable/MemMang/heap_4.o
 .text.pvPortMalloc
                0x00000000080015f4      0x11c Middlewares/Third_Party/FreeRTOS/Source/portable/MemMang/heap_4.o
                0x00000000080015f4                pvPortMalloc
 .text.vPortFree
                0x0000000008001710       0x70 Middlewares/Third_Party/FreeRTOS/Source/portable/MemMang/heap_4.o
                0x0000000008001710                vPortFree
 .text.xQueueGenericReset
                0x0000000008001780       0x80 Middlewares/Third_Party/FreeRTOS/Source/queue.o
                0x0000000008001780                xQueueGenericReset
 .text.xQueueGenericCreate
                0x0000000008001800       0x42 Middlewares/Third_Party/FreeRTOS/Source/queue.o
                0x0000000008001800                xQueueGenericCreate
 *fill*         0x0000000008001842        0x2 
 .text.prvResetNextTaskUnblockTime
                0x0000000008001844       0x24 Middlewares/Third_Party/FreeRTOS/Source/tasks.o
 .text.prvAddCurrentTaskToDelayedList
                0x0000000008001868       0x8c Middlewares/Third_Party/FreeRTOS/Source/tasks.o
 .text.xTaskCreate
                0x00000000080018f4      0x1a0 Middlewares/Third_Party/FreeRTOS/Source/tasks.o
                0x00000000080018f4                xTaskCreate
 .text.vTaskStartScheduler
                0x0000000008001a94       0x78 Middlewares/Third_Party/FreeRTOS/Source/tasks.o
                0x0000000008001a94                vTaskStartScheduler
 .text.vTaskSuspendAll
                0x0000000008001b0c       0x10 Middlewares/Third_Party/FreeRTOS/Source/tasks.o
                0x0000000008001b0c                vTaskSuspendAll
 .text.xTaskIncrementTick
                0x0000000008001b1c      0x124 Middlewares/Third_Party/FreeRTOS/Source/tasks.o
                0x0000000008001b1c                xTaskIncrementTick
 .text.xTaskResumeAll
                0x0000000008001c40       0xf0 Middlewares/Third_Party/FreeRTOS/Source/tasks.o
                0x0000000008001c40                xTaskResumeAll
 .text.vTaskDelay
                0x0000000008001d30       0x48 Middlewares/Third_Party/FreeRTOS/Source/tasks.o
                0x0000000008001d30                vTaskDelay
 .text.prvIdleTask
                0x0000000008001d78       0x74 Middlewares/Third_Party/FreeRTOS/Source/tasks.o
 .text.vTaskSwitchContext
                0x0000000008001dec       0x74 Middlewares/Third_Party/FreeRTOS/Source/tasks.o
                0x0000000008001dec                vTaskSwitchContext
 .text.xTaskRemoveFromEventList
                0x0000000008001e60       0x84 Middlewares/Third_Party/FreeRTOS/Source/tasks.o
                0x0000000008001e60                xTaskRemoveFromEventList
 .text.StartDefaultTask
                0x0000000008001ee4        0xa Src/main.o
                0x0000000008001ee4                StartDefaultTask
 .text.StartLedTask
                0x0000000008001eee        0xa Src/main.o
                0x0000000008001eee                StartLedTask
 .text.StartButtonTask
                0x0000000008001ef8       0x68 Src/main.o
                0x0000000008001ef8                StartButtonTask
 .text.SystemClock_Config
                0x0000000008001f60       0x68 Src/main.o
                0x0000000008001f60                SystemClock_Config
 .text.startup.main
                0x0000000008001fc8      0x148 Src/main.o
                0x0000000008001fc8                main
 .text.HAL_TIM_PeriodElapsedCallback
                0x0000000008002110        0xe Src/main.o
                0x0000000008002110                HAL_TIM_PeriodElapsedCallback
 *fill*         0x000000000800211e        0x2 
 .text.HAL_MspInit
                0x0000000008002120       0x50 Src/stm32l1xx_hal_msp.o
                0x0000000008002120                HAL_MspInit
 .text.HAL_UART_MspInit
                0x0000000008002170       0x68 Src/stm32l1xx_hal_msp.o
                0x0000000008002170                HAL_UART_MspInit
 .text.HAL_InitTick
                0x00000000080021d8       0x74 Src/stm32l1xx_hal_timebase_tim.o
                0x00000000080021d8                HAL_InitTick
 .text.NMI_Handler
                0x000000000800224c        0x2 Src/stm32l1xx_it.o
                0x000000000800224c                NMI_Handler
 .text.HardFault_Handler
                0x000000000800224e        0x2 Src/stm32l1xx_it.o
                0x000000000800224e                HardFault_Handler
 .text.MemManage_Handler
                0x0000000008002250        0x2 Src/stm32l1xx_it.o
                0x0000000008002250                MemManage_Handler
 .text.BusFault_Handler
                0x0000000008002252        0x2 Src/stm32l1xx_it.o
                0x0000000008002252                BusFault_Handler
 .text.UsageFault_Handler
                0x0000000008002254        0x2 Src/stm32l1xx_it.o
                0x0000000008002254                UsageFault_Handler
 .text.DebugMon_Handler
                0x0000000008002256        0x2 Src/stm32l1xx_it.o
                0x0000000008002256                DebugMon_Handler
 .text.TIM2_IRQHandler
                0x0000000008002258        0xc Src/stm32l1xx_it.o
                0x0000000008002258                TIM2_IRQHandler
 .text.SystemInit
                0x0000000008002264       0x48 Src/system_stm32l1xx.o
                0x0000000008002264                SystemInit
 .text.Reset_Handler
                0x00000000080022ac       0x48 startup/startup_stm32l152xe.o
                0x00000000080022ac                Reset_Handler
 .text.Default_Handler
                0x00000000080022f4        0x2 startup/startup_stm32l152xe.o
                0x00000000080022f4                RTC_Alarm_IRQHandler
                0x00000000080022f4                EXTI2_IRQHandler
                0x00000000080022f4                COMP_ACQ_IRQHandler
                0x00000000080022f4                TIM10_IRQHandler
                0x00000000080022f4                USB_HP_IRQHandler
                0x00000000080022f4                TIM6_IRQHandler
                0x00000000080022f4                PVD_IRQHandler
                0x00000000080022f4                EXTI3_IRQHandler
                0x00000000080022f4                EXTI0_IRQHandler
                0x00000000080022f4                I2C2_EV_IRQHandler
                0x00000000080022f4                SPI1_IRQHandler
                0x00000000080022f4                USB_FS_WKUP_IRQHandler
                0x00000000080022f4                DMA2_Channel2_IRQHandler
                0x00000000080022f4                DMA1_Channel4_IRQHandler
                0x00000000080022f4                ADC1_IRQHandler
                0x00000000080022f4                USART3_IRQHandler
                0x00000000080022f4                DMA1_Channel7_IRQHandler
                0x00000000080022f4                LCD_IRQHandler
                0x00000000080022f4                UART5_IRQHandler
                0x00000000080022f4                TIM4_IRQHandler
                0x00000000080022f4                DMA2_Channel1_IRQHandler
                0x00000000080022f4                I2C1_EV_IRQHandler
                0x00000000080022f4                DMA1_Channel6_IRQHandler
                0x00000000080022f4                UART4_IRQHandler
                0x00000000080022f4                DMA2_Channel4_IRQHandler
                0x00000000080022f4                TIM3_IRQHandler
                0x00000000080022f4                RCC_IRQHandler
                0x00000000080022f4                DMA1_Channel1_IRQHandler
                0x00000000080022f4                Default_Handler
                0x00000000080022f4                EXTI15_10_IRQHandler
                0x00000000080022f4                TIM7_IRQHandler
                0x00000000080022f4                TIM5_IRQHandler
                0x00000000080022f4                EXTI9_5_IRQHandler
                0x00000000080022f4                TIM9_IRQHandler
                0x00000000080022f4                TAMPER_STAMP_IRQHandler
                0x00000000080022f4                RTC_WKUP_IRQHandler
                0x00000000080022f4                SPI2_IRQHandler
                0x00000000080022f4                DMA2_Channel5_IRQHandler
                0x00000000080022f4                DMA1_Channel5_IRQHandler
                0x00000000080022f4                USB_LP_IRQHandler
                0x00000000080022f4                EXTI4_IRQHandler
                0x00000000080022f4                DMA1_Channel3_IRQHandler
                0x00000000080022f4                COMP_IRQHandler
                0x00000000080022f4                WWDG_IRQHandler
                0x00000000080022f4                DAC_IRQHandler
                0x00000000080022f4                EXTI1_IRQHandler
                0x00000000080022f4                TIM11_IRQHandler
                0x00000000080022f4                USART2_IRQHandler
                0x00000000080022f4                I2C2_ER_IRQHandler
                0x00000000080022f4                DMA1_Channel2_IRQHandler
                0x00000000080022f4                FLASH_IRQHandler
                0x00000000080022f4                USART1_IRQHandler
                0x00000000080022f4                SPI3_IRQHandler
                0x00000000080022f4                I2C1_ER_IRQHandler
                0x00000000080022f4                DMA2_Channel3_IRQHandler
 *fill*         0x00000000080022f6        0x2 
 .text.__libc_init_array
                0x00000000080022f8       0x48 /opt/Atollic_TrueSTUDIO_for_STM32_x86_64_9.3.0/ARMTools/bin/../lib/gcc/arm-atollic-eabi/6.3.1/../../../../arm-atollic-eabi/lib/armv7-m/libc_nano.a(lib_a-init.o)
                0x00000000080022f8                __libc_init_array
 .text.memset   0x0000000008002340       0x10 /opt/Atollic_TrueSTUDIO_for_STM32_x86_64_9.3.0/ARMTools/bin/../lib/gcc/arm-atollic-eabi/6.3.1/../../../../arm-atollic-eabi/lib/armv7-m/libc_nano.a(lib_a-memset.o)
                0x0000000008002340                memset
 *(.glue_7)
 .glue_7        0x0000000008002350        0x0 linker stubs
 *(.glue_7t)
 .glue_7t       0x0000000008002350        0x0 linker stubs
 *(.eh_frame)
 .eh_frame      0x0000000008002350        0x0 /opt/Atollic_TrueSTUDIO_for_STM32_x86_64_9.3.0/ARMTools/bin/../lib/gcc/arm-atollic-eabi/6.3.1/armv7-m/crtbegin.o
 *(.init)
 .init          0x0000000008002350        0x4 /opt/Atollic_TrueSTUDIO_for_STM32_x86_64_9.3.0/ARMTools/bin/../lib/gcc/arm-atollic-eabi/6.3.1/armv7-m/crti.o
                0x0000000008002350                _init
 .init          0x0000000008002354        0x8 /opt/Atollic_TrueSTUDIO_for_STM32_x86_64_9.3.0/ARMTools/bin/../lib/gcc/arm-atollic-eabi/6.3.1/armv7-m/crtn.o
 *(.fini)
 .fini          0x000000000800235c        0x4 /opt/Atollic_TrueSTUDIO_for_STM32_x86_64_9.3.0/ARMTools/bin/../lib/gcc/arm-atollic-eabi/6.3.1/armv7-m/crti.o
                0x000000000800235c                _fini
 .fini          0x0000000008002360        0x8 /opt/Atollic_TrueSTUDIO_for_STM32_x86_64_9.3.0/ARMTools/bin/../lib/gcc/arm-atollic-eabi/6.3.1/armv7-m/crtn.o
                0x0000000008002368                . = ALIGN (0x4)
                0x0000000008002368                _etext = .

.vfp11_veneer   0x0000000008002368        0x0
 .vfp11_veneer  0x0000000008002368        0x0 linker stubs

.v4_bx          0x0000000008002368        0x0
 .v4_bx         0x0000000008002368        0x0 linker stubs

.iplt           0x0000000008002368        0x0
 .iplt          0x0000000008002368        0x0 /opt/Atollic_TrueSTUDIO_for_STM32_x86_64_9.3.0/ARMTools/bin/../lib/gcc/arm-atollic-eabi/6.3.1/armv7-m/crtbegin.o

.rodata         0x0000000008002368       0x8c
                0x0000000008002368                . = ALIGN (0x4)
 *(.rodata)
 .rodata        0x0000000008002368       0x44 Src/main.o
 *(.rodata*)
 .rodata.vTaskStartScheduler.str1.1
                0x00000000080023ac        0x5 Middlewares/Third_Party/FreeRTOS/Source/tasks.o
 .rodata.str1.1
                0x00000000080023b1       0x1f Src/main.o
 .rodata.AHBPrescTable
                0x00000000080023d0       0x10 Src/system_stm32l1xx.o
                0x00000000080023d0                AHBPrescTable
 .rodata.APBPrescTable
                0x00000000080023e0        0x8 Src/system_stm32l1xx.o
                0x00000000080023e0                APBPrescTable
 .rodata.PLLMulTable
                0x00000000080023e8        0x9 Src/system_stm32l1xx.o
                0x00000000080023e8                PLLMulTable
                0x00000000080023f4                . = ALIGN (0x4)
 *fill*         0x00000000080023f1        0x3 

.rel.dyn        0x00000000080023f4        0x0
 .rel.iplt      0x00000000080023f4        0x0 /opt/Atollic_TrueSTUDIO_for_STM32_x86_64_9.3.0/ARMTools/bin/../lib/gcc/arm-atollic-eabi/6.3.1/armv7-m/crtbegin.o

.ARM.extab
 *(.ARM.extab* .gnu.linkonce.armextab.*)

.ARM            0x00000000080023f4        0x0
                0x00000000080023f4                __exidx_start = .
 *(.ARM.exidx*)
                0x00000000080023f4                __exidx_end = .

.preinit_array  0x00000000080023f4        0x0
                0x00000000080023f4                PROVIDE (__preinit_array_start, .)
 *(.preinit_array*)
                0x00000000080023f4                PROVIDE (__preinit_array_end, .)

.init_array     0x00000000080023f4        0x4
                0x00000000080023f4                PROVIDE (__init_array_start, .)
 *(SORT(.init_array.*))
 *(.init_array*)
 .init_array    0x00000000080023f4        0x4 /opt/Atollic_TrueSTUDIO_for_STM32_x86_64_9.3.0/ARMTools/bin/../lib/gcc/arm-atollic-eabi/6.3.1/armv7-m/crtbegin.o
                0x00000000080023f8                PROVIDE (__init_array_end, .)

.fini_array     0x00000000080023f8        0x4
                [!provide]                        PROVIDE (__fini_array_start, .)
 *(SORT(.fini_array.*))
 *(.fini_array*)
 .fini_array    0x00000000080023f8        0x4 /opt/Atollic_TrueSTUDIO_for_STM32_x86_64_9.3.0/ARMTools/bin/../lib/gcc/arm-atollic-eabi/6.3.1/armv7-m/crtbegin.o
                [!provide]                        PROVIDE (__fini_array_end, .)
                0x00000000080023fc                _sidata = LOADADDR (.data)

.data           0x0000000020000000        0x8 load address 0x00000000080023fc
                0x0000000020000000                . = ALIGN (0x4)
                0x0000000020000000                _sdata = .
 *(.data)
 *(.data*)
 .data.uxCriticalNesting
                0x0000000020000000        0x4 Middlewares/Third_Party/FreeRTOS/Source/portable/GCC/ARM_CM3/port.o
 .data.SystemCoreClock
                0x0000000020000004        0x4 Src/system_stm32l1xx.o
                0x0000000020000004                SystemCoreClock
                0x0000000020000008                . = ALIGN (0x4)
                0x0000000020000008                _edata = .

.igot.plt       0x0000000020000008        0x0 load address 0x0000000008002404
 .igot.plt      0x0000000020000008        0x0 /opt/Atollic_TrueSTUDIO_for_STM32_x86_64_9.3.0/ARMTools/bin/../lib/gcc/arm-atollic-eabi/6.3.1/armv7-m/crtbegin.o
                0x0000000020000008                . = ALIGN (0x4)

.bss            0x0000000020000008      0xdf4 load address 0x0000000008002404
                0x0000000020000008                _sbss = .
                0x0000000020000008                __bss_start__ = _sbss
 *(.bss)
 .bss           0x0000000020000008       0x1c /opt/Atollic_TrueSTUDIO_for_STM32_x86_64_9.3.0/ARMTools/bin/../lib/gcc/arm-atollic-eabi/6.3.1/armv7-m/crtbegin.o
 *(.bss*)
 .bss.ucMaxSysCallPriority
                0x0000000020000024        0x1 Middlewares/Third_Party/FreeRTOS/Source/portable/GCC/ARM_CM3/port.o
 *fill*         0x0000000020000025        0x3 
 .bss.ulMaxPRIGROUPValue
                0x0000000020000028        0x4 Middlewares/Third_Party/FreeRTOS/Source/portable/GCC/ARM_CM3/port.o
 .bss.pxEnd     0x000000002000002c        0x4 Middlewares/Third_Party/FreeRTOS/Source/portable/MemMang/heap_4.o
 .bss.ucHeap    0x0000000020000030      0xc00 Middlewares/Third_Party/FreeRTOS/Source/portable/MemMang/heap_4.o
 .bss.xBlockAllocatedBit
                0x0000000020000c30        0x4 Middlewares/Third_Party/FreeRTOS/Source/portable/MemMang/heap_4.o
 .bss.xFreeBytesRemaining
                0x0000000020000c34        0x4 Middlewares/Third_Party/FreeRTOS/Source/portable/MemMang/heap_4.o
 .bss.xMinimumEverFreeBytesRemaining
                0x0000000020000c38        0x4 Middlewares/Third_Party/FreeRTOS/Source/portable/MemMang/heap_4.o
 .bss.xStart    0x0000000020000c3c        0x8 Middlewares/Third_Party/FreeRTOS/Source/portable/MemMang/heap_4.o
 .bss.pxCurrentTCB
                0x0000000020000c44        0x4 Middlewares/Third_Party/FreeRTOS/Source/tasks.o
                0x0000000020000c44                pxCurrentTCB
 .bss.pxDelayedTaskList
                0x0000000020000c48        0x4 Middlewares/Third_Party/FreeRTOS/Source/tasks.o
 .bss.pxOverflowDelayedTaskList
                0x0000000020000c4c        0x4 Middlewares/Third_Party/FreeRTOS/Source/tasks.o
 .bss.pxReadyTasksLists
                0x0000000020000c50       0x8c Middlewares/Third_Party/FreeRTOS/Source/tasks.o
 .bss.uxCurrentNumberOfTasks
                0x0000000020000cdc        0x4 Middlewares/Third_Party/FreeRTOS/Source/tasks.o
 .bss.uxDeletedTasksWaitingCleanUp
                0x0000000020000ce0        0x4 Middlewares/Third_Party/FreeRTOS/Source/tasks.o
 .bss.uxPendedTicks
                0x0000000020000ce4        0x4 Middlewares/Third_Party/FreeRTOS/Source/tasks.o
 .bss.uxSchedulerSuspended
                0x0000000020000ce8        0x4 Middlewares/Third_Party/FreeRTOS/Source/tasks.o
 .bss.uxTaskNumber
                0x0000000020000cec        0x4 Middlewares/Third_Party/FreeRTOS/Source/tasks.o
 .bss.uxTopReadyPriority
                0x0000000020000cf0        0x4 Middlewares/Third_Party/FreeRTOS/Source/tasks.o
 .bss.xDelayedTaskList1
                0x0000000020000cf4       0x14 Middlewares/Third_Party/FreeRTOS/Source/tasks.o
 .bss.xDelayedTaskList2
                0x0000000020000d08       0x14 Middlewares/Third_Party/FreeRTOS/Source/tasks.o
 .bss.xIdleTaskHandle
                0x0000000020000d1c        0x4 Middlewares/Third_Party/FreeRTOS/Source/tasks.o
 .bss.xNextTaskUnblockTime
                0x0000000020000d20        0x4 Middlewares/Third_Party/FreeRTOS/Source/tasks.o
 .bss.xNumOfOverflows
                0x0000000020000d24        0x4 Middlewares/Third_Party/FreeRTOS/Source/tasks.o
 .bss.xPendingReadyList
                0x0000000020000d28       0x14 Middlewares/Third_Party/FreeRTOS/Source/tasks.o
 .bss.xSchedulerRunning
                0x0000000020000d3c        0x4 Middlewares/Third_Party/FreeRTOS/Source/tasks.o
 .bss.xSuspendedTaskList
                0x0000000020000d40       0x14 Middlewares/Third_Party/FreeRTOS/Source/tasks.o
 .bss.xTasksWaitingTermination
                0x0000000020000d54       0x14 Middlewares/Third_Party/FreeRTOS/Source/tasks.o
 .bss.xTickCount
                0x0000000020000d68        0x4 Middlewares/Third_Party/FreeRTOS/Source/tasks.o
 .bss.xYieldPending
                0x0000000020000d6c        0x4 Middlewares/Third_Party/FreeRTOS/Source/tasks.o
 *(COMMON)
 COMMON         0x0000000020000d70        0x4 Drivers/STM32L1xx_HAL_Driver/Src/stm32l1xx_hal.o
                0x0000000020000d70                uwTick
 COMMON         0x0000000020000d74       0x50 Src/main.o
                0x0000000020000d74                defaultTaskHandle
                0x0000000020000d78                ledTaskHandle
                0x0000000020000d7c                eventQueueHandle
                0x0000000020000d80                buttonTaskHandle
                0x0000000020000d84                huart2
 COMMON         0x0000000020000dc4       0x38 Src/stm32l1xx_hal_timebase_tim.o
                0x0000000020000dc4                htim2
                0x0000000020000dfc                . = ALIGN (0x4)
                0x0000000020000dfc                _ebss = .
                0x0000000020000dfc                __bss_end__ = _ebss

._user_heap_stack
                0x0000000020000dfc      0x600 load address 0x0000000008002404
                0x0000000020000dfc                . = ALIGN (0x4)
                0x0000000020000dfc                PROVIDE (end, .)
                [!provide]                        PROVIDE (_end, .)
                0x0000000020000ffc                . = (. + _Min_Heap_Size)
 *fill*         0x0000000020000dfc      0x200 
                0x00000000200013fc                . = (. + _Min_Stack_Size)
 *fill*         0x0000000020000ffc      0x400 
                0x00000000200013fc                . = ALIGN (0x4)

/DISCARD/
 libc.a(*)
 libm.a(*)
 libgcc.a(*)

.ARM.attributes
                0x0000000000000000       0x29
 *(.ARM.attributes)
 .ARM.attributes
                0x0000000000000000       0x1d /opt/Atollic_TrueSTUDIO_for_STM32_x86_64_9.3.0/ARMTools/bin/../lib/gcc/arm-atollic-eabi/6.3.1/armv7-m/crti.o
 .ARM.attributes
                0x000000000000001d       0x2d /opt/Atollic_TrueSTUDIO_for_STM32_x86_64_9.3.0/ARMTools/bin/../lib/gcc/arm-atollic-eabi/6.3.1/armv7-m/crtbegin.o
 .ARM.attributes
                0x000000000000004a       0x33 Drivers/STM32L1xx_HAL_Driver/Src/stm32l1xx_hal.o
 .ARM.attributes
                0x000000000000007d       0x33 Drivers/STM32L1xx_HAL_Driver/Src/stm32l1xx_hal_cortex.o
 .ARM.attributes
                0x00000000000000b0       0x33 Drivers/STM32L1xx_HAL_Driver/Src/stm32l1xx_hal_gpio.o
 .ARM.attributes
                0x00000000000000e3       0x33 Drivers/STM32L1xx_HAL_Driver/Src/stm32l1xx_hal_rcc.o
 .ARM.attributes
                0x0000000000000116       0x33 Drivers/STM32L1xx_HAL_Driver/Src/stm32l1xx_hal_tim.o
 .ARM.attributes
                0x0000000000000149       0x33 Drivers/STM32L1xx_HAL_Driver/Src/stm32l1xx_hal_uart.o
 .ARM.attributes
                0x000000000000017c       0x33 Middlewares/Third_Party/FreeRTOS/Source/CMSIS_RTOS/cmsis_os.o
 .ARM.attributes
                0x00000000000001af       0x33 Middlewares/Third_Party/FreeRTOS/Source/list.o
 .ARM.attributes
                0x00000000000001e2       0x33 Middlewares/Third_Party/FreeRTOS/Source/portable/GCC/ARM_CM3/port.o
 .ARM.attributes
                0x0000000000000215       0x33 Middlewares/Third_Party/FreeRTOS/Source/portable/MemMang/heap_4.o
 .ARM.attributes
                0x0000000000000248       0x33 Middlewares/Third_Party/FreeRTOS/Source/queue.o
 .ARM.attributes
                0x000000000000027b       0x33 Middlewares/Third_Party/FreeRTOS/Source/tasks.o
 .ARM.attributes
                0x00000000000002ae       0x33 Src/main.o
 .ARM.attributes
                0x00000000000002e1       0x33 Src/stm32l1xx_hal_msp.o
 .ARM.attributes
                0x0000000000000314       0x33 Src/stm32l1xx_hal_timebase_tim.o
 .ARM.attributes
                0x0000000000000347       0x33 Src/stm32l1xx_it.o
 .ARM.attributes
                0x000000000000037a       0x33 Src/system_stm32l1xx.o
 .ARM.attributes
                0x00000000000003ad       0x21 startup/startup_stm32l152xe.o
 .ARM.attributes
                0x00000000000003ce       0x2d /opt/Atollic_TrueSTUDIO_for_STM32_x86_64_9.3.0/ARMTools/bin/../lib/gcc/arm-atollic-eabi/6.3.1/../../../../arm-atollic-eabi/lib/armv7-m/libc_nano.a(lib_a-init.o)
 .ARM.attributes
                0x00000000000003fb       0x2d /opt/Atollic_TrueSTUDIO_for_STM32_x86_64_9.3.0/ARMTools/bin/../lib/gcc/arm-atollic-eabi/6.3.1/../../../../arm-atollic-eabi/lib/armv7-m/libc_nano.a(lib_a-memset.o)
 .ARM.attributes
                0x0000000000000428       0x1d /opt/Atollic_TrueSTUDIO_for_STM32_x86_64_9.3.0/ARMTools/bin/../lib/gcc/arm-atollic-eabi/6.3.1/armv7-m/crtn.o
OUTPUT(blinky.elf elf32-littlearm)

.debug_info     0x0000000000000000    0x18ab4
 .debug_info    0x0000000000000000      0xec3 Drivers/STM32L1xx_HAL_Driver/Src/stm32l1xx_hal.o
 .debug_info    0x0000000000000ec3     0x16d1 Drivers/STM32L1xx_HAL_Driver/Src/stm32l1xx_hal_cortex.o
 .debug_info    0x0000000000002594      0xe9c Drivers/STM32L1xx_HAL_Driver/Src/stm32l1xx_hal_gpio.o
 .debug_info    0x0000000000003430     0x1e5d Drivers/STM32L1xx_HAL_Driver/Src/stm32l1xx_hal_rcc.o
 .debug_info    0x000000000000528d     0x3a68 Drivers/STM32L1xx_HAL_Driver/Src/stm32l1xx_hal_tim.o
 .debug_info    0x0000000000008cf5     0x19e3 Drivers/STM32L1xx_HAL_Driver/Src/stm32l1xx_hal_uart.o
 .debug_info    0x000000000000a6d8     0x2500 Middlewares/Third_Party/FreeRTOS/Source/CMSIS_RTOS/cmsis_os.o
 .debug_info    0x000000000000cbd8      0xac0 Middlewares/Third_Party/FreeRTOS/Source/list.o
 .debug_info    0x000000000000d698      0x4ca Middlewares/Third_Party/FreeRTOS/Source/portable/GCC/ARM_CM3/port.o
 .debug_info    0x000000000000db62      0xca5 Middlewares/Third_Party/FreeRTOS/Source/portable/MemMang/heap_4.o
 .debug_info    0x000000000000e807     0x1fdf Middlewares/Third_Party/FreeRTOS/Source/queue.o
 .debug_info    0x00000000000107e6     0x2993 Middlewares/Third_Party/FreeRTOS/Source/tasks.o
 .debug_info    0x0000000000013179     0x19ca Src/main.o
 .debug_info    0x0000000000014b43     0x1235 Src/stm32l1xx_hal_msp.o
 .debug_info    0x0000000000015d78     0x1202 Src/stm32l1xx_hal_timebase_tim.o
 .debug_info    0x0000000000016f7a      0xe4c Src/stm32l1xx_it.o
 .debug_info    0x0000000000017dc6      0xc69 Src/system_stm32l1xx.o
 .debug_info    0x0000000000018a2f       0x85 startup/startup_stm32l152xe.o

.debug_abbrev   0x0000000000000000     0x31fc
 .debug_abbrev  0x0000000000000000      0x2a4 Drivers/STM32L1xx_HAL_Driver/Src/stm32l1xx_hal.o
 .debug_abbrev  0x00000000000002a4      0x386 Drivers/STM32L1xx_HAL_Driver/Src/stm32l1xx_hal_cortex.o
 .debug_abbrev  0x000000000000062a      0x268 Drivers/STM32L1xx_HAL_Driver/Src/stm32l1xx_hal_gpio.o
 .debug_abbrev  0x0000000000000892      0x37e Drivers/STM32L1xx_HAL_Driver/Src/stm32l1xx_hal_rcc.o
 .debug_abbrev  0x0000000000000c10      0x394 Drivers/STM32L1xx_HAL_Driver/Src/stm32l1xx_hal_tim.o
 .debug_abbrev  0x0000000000000fa4      0x36c Drivers/STM32L1xx_HAL_Driver/Src/stm32l1xx_hal_uart.o
 .debug_abbrev  0x0000000000001310      0x468 Middlewares/Third_Party/FreeRTOS/Source/CMSIS_RTOS/cmsis_os.o
 .debug_abbrev  0x0000000000001778      0x1e3 Middlewares/Third_Party/FreeRTOS/Source/list.o
 .debug_abbrev  0x000000000000195b      0x249 Middlewares/Third_Party/FreeRTOS/Source/portable/GCC/ARM_CM3/port.o
 .debug_abbrev  0x0000000000001ba4      0x314 Middlewares/Third_Party/FreeRTOS/Source/portable/MemMang/heap_4.o
 .debug_abbrev  0x0000000000001eb8      0x3b6 Middlewares/Third_Party/FreeRTOS/Source/queue.o
 .debug_abbrev  0x000000000000226e      0x419 Middlewares/Third_Party/FreeRTOS/Source/tasks.o
 .debug_abbrev  0x0000000000002687      0x320 Src/main.o
 .debug_abbrev  0x00000000000029a7      0x22a Src/stm32l1xx_hal_msp.o
 .debug_abbrev  0x0000000000002bd1      0x249 Src/stm32l1xx_hal_timebase_tim.o
 .debug_abbrev  0x0000000000002e1a      0x206 Src/stm32l1xx_it.o
 .debug_abbrev  0x0000000000003020      0x1ca Src/system_stm32l1xx.o
 .debug_abbrev  0x00000000000031ea       0x12 startup/startup_stm32l152xe.o

.debug_loc      0x0000000000000000     0x88b1
 .debug_loc     0x0000000000000000       0x6a Drivers/STM32L1xx_HAL_Driver/Src/stm32l1xx_hal.o
 .debug_loc     0x000000000000006a      0x48c Drivers/STM32L1xx_HAL_Driver/Src/stm32l1xx_hal_cortex.o
 .debug_loc     0x00000000000004f6      0x319 Drivers/STM32L1xx_HAL_Driver/Src/stm32l1xx_hal_gpio.o
 .debug_loc     0x000000000000080f      0xaf6 Drivers/STM32L1xx_HAL_Driver/Src/stm32l1xx_hal_rcc.o
 .debug_loc     0x0000000000001305     0x2fae Drivers/STM32L1xx_HAL_Driver/Src/stm32l1xx_hal_tim.o
 .debug_loc     0x00000000000042b3      0xdb4 Drivers/STM32L1xx_HAL_Driver/Src/stm32l1xx_hal_uart.o
 .debug_loc     0x0000000000005067     0x102d Middlewares/Third_Party/FreeRTOS/Source/CMSIS_RTOS/cmsis_os.o
 .debug_loc     0x0000000000006094       0x94 Middlewares/Third_Party/FreeRTOS/Source/list.o
 .debug_loc     0x0000000000006128       0xce Middlewares/Third_Party/FreeRTOS/Source/portable/GCC/ARM_CM3/port.o
 .debug_loc     0x00000000000061f6      0x390 Middlewares/Third_Party/FreeRTOS/Source/portable/MemMang/heap_4.o
 .debug_loc     0x0000000000006586      0xe0c Middlewares/Third_Party/FreeRTOS/Source/queue.o
 .debug_loc     0x0000000000007392     0x123d Middlewares/Third_Party/FreeRTOS/Source/tasks.o
 .debug_loc     0x00000000000085cf       0xc1 Src/main.o
 .debug_loc     0x0000000000008690       0x58 Src/stm32l1xx_hal_msp.o
 .debug_loc     0x00000000000086e8       0x94 Src/stm32l1xx_hal_timebase_tim.o
 .debug_loc     0x000000000000877c      0x135 Src/system_stm32l1xx.o

.debug_aranges  0x0000000000000000      0xb60
 .debug_aranges
                0x0000000000000000       0xa8 Drivers/STM32L1xx_HAL_Driver/Src/stm32l1xx_hal.o
 .debug_aranges
                0x00000000000000a8       0xa8 Drivers/STM32L1xx_HAL_Driver/Src/stm32l1xx_hal_cortex.o
 .debug_aranges
                0x0000000000000150       0x58 Drivers/STM32L1xx_HAL_Driver/Src/stm32l1xx_hal_gpio.o
 .debug_aranges
                0x00000000000001a8       0x90 Drivers/STM32L1xx_HAL_Driver/Src/stm32l1xx_hal_rcc.o
 .debug_aranges
                0x0000000000000238      0x218 Drivers/STM32L1xx_HAL_Driver/Src/stm32l1xx_hal_tim.o
 .debug_aranges
                0x0000000000000450      0x108 Drivers/STM32L1xx_HAL_Driver/Src/stm32l1xx_hal_uart.o
 .debug_aranges
                0x0000000000000558      0x190 Middlewares/Third_Party/FreeRTOS/Source/CMSIS_RTOS/cmsis_os.o
 .debug_aranges
                0x00000000000006e8       0x40 Middlewares/Third_Party/FreeRTOS/Source/list.o
 .debug_aranges
                0x0000000000000728       0x78 Middlewares/Third_Party/FreeRTOS/Source/portable/GCC/ARM_CM3/port.o
 .debug_aranges
                0x00000000000007a0       0x48 Middlewares/Third_Party/FreeRTOS/Source/portable/MemMang/heap_4.o
 .debug_aranges
                0x00000000000007e8       0xc0 Middlewares/Third_Party/FreeRTOS/Source/queue.o
 .debug_aranges
                0x00000000000008a8      0x170 Middlewares/Third_Party/FreeRTOS/Source/tasks.o
 .debug_aranges
                0x0000000000000a18       0x50 Src/main.o
 .debug_aranges
                0x0000000000000a68       0x30 Src/stm32l1xx_hal_msp.o
 .debug_aranges
                0x0000000000000a98       0x30 Src/stm32l1xx_hal_timebase_tim.o
 .debug_aranges
                0x0000000000000ac8       0x48 Src/stm32l1xx_it.o
 .debug_aranges
                0x0000000000000b10       0x28 Src/system_stm32l1xx.o
 .debug_aranges
                0x0000000000000b38       0x28 startup/startup_stm32l152xe.o

.debug_ranges   0x0000000000000000     0x11f0
 .debug_ranges  0x0000000000000000       0x98 Drivers/STM32L1xx_HAL_Driver/Src/stm32l1xx_hal.o
 .debug_ranges  0x0000000000000098      0x140 Drivers/STM32L1xx_HAL_Driver/Src/stm32l1xx_hal_cortex.o
 .debug_ranges  0x00000000000001d8       0x68 Drivers/STM32L1xx_HAL_Driver/Src/stm32l1xx_hal_gpio.o
 .debug_ranges  0x0000000000000240      0x2a8 Drivers/STM32L1xx_HAL_Driver/Src/stm32l1xx_hal_rcc.o
 .debug_ranges  0x00000000000004e8      0x310 Drivers/STM32L1xx_HAL_Driver/Src/stm32l1xx_hal_tim.o
 .debug_ranges  0x00000000000007f8      0x140 Drivers/STM32L1xx_HAL_Driver/Src/stm32l1xx_hal_uart.o
 .debug_ranges  0x0000000000000938      0x198 Middlewares/Third_Party/FreeRTOS/Source/CMSIS_RTOS/cmsis_os.o
 .debug_ranges  0x0000000000000ad0       0x30 Middlewares/Third_Party/FreeRTOS/Source/list.o
 .debug_ranges  0x0000000000000b00       0x80 Middlewares/Third_Party/FreeRTOS/Source/portable/GCC/ARM_CM3/port.o
 .debug_ranges  0x0000000000000b80       0x38 Middlewares/Third_Party/FreeRTOS/Source/portable/MemMang/heap_4.o
 .debug_ranges  0x0000000000000bb8      0x1a0 Middlewares/Third_Party/FreeRTOS/Source/queue.o
 .debug_ranges  0x0000000000000d58      0x288 Middlewares/Third_Party/FreeRTOS/Source/tasks.o
 .debug_ranges  0x0000000000000fe0       0xe0 Src/main.o
 .debug_ranges  0x00000000000010c0       0x78 Src/stm32l1xx_hal_msp.o
 .debug_ranges  0x0000000000001138       0x48 Src/stm32l1xx_hal_timebase_tim.o
 .debug_ranges  0x0000000000001180       0x38 Src/stm32l1xx_it.o
 .debug_ranges  0x00000000000011b8       0x18 Src/system_stm32l1xx.o
 .debug_ranges  0x00000000000011d0       0x20 startup/startup_stm32l152xe.o

.debug_line     0x0000000000000000     0x67e5
 .debug_line    0x0000000000000000      0x3cc Drivers/STM32L1xx_HAL_Driver/Src/stm32l1xx_hal.o
 .debug_line    0x00000000000003cc      0x4c3 Drivers/STM32L1xx_HAL_Driver/Src/stm32l1xx_hal_cortex.o
 .debug_line    0x000000000000088f      0x457 Drivers/STM32L1xx_HAL_Driver/Src/stm32l1xx_hal_gpio.o
 .debug_line    0x0000000000000ce6      0xa13 Drivers/STM32L1xx_HAL_Driver/Src/stm32l1xx_hal_rcc.o
 .debug_line    0x00000000000016f9     0x1017 Drivers/STM32L1xx_HAL_Driver/Src/stm32l1xx_hal_tim.o
 .debug_line    0x0000000000002710      0xa52 Drivers/STM32L1xx_HAL_Driver/Src/stm32l1xx_hal_uart.o
 .debug_line    0x0000000000003162      0x8b9 Middlewares/Third_Party/FreeRTOS/Source/CMSIS_RTOS/cmsis_os.o
 .debug_line    0x0000000000003a1b      0x337 Middlewares/Third_Party/FreeRTOS/Source/list.o
 .debug_line    0x0000000000003d52      0x2ff Middlewares/Third_Party/FreeRTOS/Source/portable/GCC/ARM_CM3/port.o
 .debug_line    0x0000000000004051      0x3e0 Middlewares/Third_Party/FreeRTOS/Source/portable/MemMang/heap_4.o
 .debug_line    0x0000000000004431      0x7e8 Middlewares/Third_Party/FreeRTOS/Source/queue.o
 .debug_line    0x0000000000004c19      0xb8a Middlewares/Third_Party/FreeRTOS/Source/tasks.o
 .debug_line    0x00000000000057a3      0x473 Src/main.o
 .debug_line    0x0000000000005c16      0x30e Src/stm32l1xx_hal_msp.o
 .debug_line    0x0000000000005f24      0x30d Src/stm32l1xx_hal_timebase_tim.o
 .debug_line    0x0000000000006231      0x2d6 Src/stm32l1xx_it.o
 .debug_line    0x0000000000006507      0x261 Src/system_stm32l1xx.o
 .debug_line    0x0000000000006768       0x7d startup/startup_stm32l152xe.o

.debug_str      0x0000000000000000     0x4946
 .debug_str     0x0000000000000000      0xbc4 Drivers/STM32L1xx_HAL_Driver/Src/stm32l1xx_hal.o
                                        0xc54 (size before relaxing)
 .debug_str     0x0000000000000bc4      0x3ec Drivers/STM32L1xx_HAL_Driver/Src/stm32l1xx_hal_cortex.o
                                        0xef6 (size before relaxing)
 .debug_str     0x0000000000000fb0      0x1cd Drivers/STM32L1xx_HAL_Driver/Src/stm32l1xx_hal_gpio.o
                                        0x8ac (size before relaxing)
 .debug_str     0x000000000000117d      0x39d Drivers/STM32L1xx_HAL_Driver/Src/stm32l1xx_hal_rcc.o
                                        0xb1a (size before relaxing)
 .debug_str     0x000000000000151a     0x1086 Drivers/STM32L1xx_HAL_Driver/Src/stm32l1xx_hal_tim.o
                                       0x176f (size before relaxing)
 .debug_str     0x00000000000025a0      0x51d Drivers/STM32L1xx_HAL_Driver/Src/stm32l1xx_hal_uart.o
                                        0xe1a (size before relaxing)
 .debug_str     0x0000000000002abd      0xb3c Middlewares/Third_Party/FreeRTOS/Source/CMSIS_RTOS/cmsis_os.o
                                       0x11ec (size before relaxing)
 .debug_str     0x00000000000035f9      0x159 Middlewares/Third_Party/FreeRTOS/Source/list.o
                                        0x73d (size before relaxing)
 .debug_str     0x0000000000003752      0x20e Middlewares/Third_Party/FreeRTOS/Source/portable/GCC/ARM_CM3/port.o
                                        0x458 (size before relaxing)
 .debug_str     0x0000000000003960      0x1e8 Middlewares/Third_Party/FreeRTOS/Source/portable/MemMang/heap_4.o
                                        0x826 (size before relaxing)
 .debug_str     0x0000000000003b48      0x46d Middlewares/Third_Party/FreeRTOS/Source/queue.o
                                        0xd36 (size before relaxing)
 .debug_str     0x0000000000003fb5      0x6f3 Middlewares/Third_Party/FreeRTOS/Source/tasks.o
                                       0x1238 (size before relaxing)
 .debug_str     0x00000000000046a8      0x14c Src/main.o
                                       0x1113 (size before relaxing)
 .debug_str     0x00000000000047f4       0x1b Src/stm32l1xx_hal_msp.o
                                        0xe4e (size before relaxing)
 .debug_str     0x000000000000480f       0x50 Src/stm32l1xx_hal_timebase_tim.o
                                        0xf20 (size before relaxing)
 .debug_str     0x000000000000485f       0x8b Src/stm32l1xx_it.o
                                        0xa5e (size before relaxing)
 .debug_str     0x00000000000048ea       0x5c Src/system_stm32l1xx.o
                                        0x73a (size before relaxing)

.comment        0x0000000000000000       0x7c
 .comment       0x0000000000000000       0x7c Drivers/STM32L1xx_HAL_Driver/Src/stm32l1xx_hal.o
                                         0x7d (size before relaxing)
 .comment       0x000000000000007c       0x7d Drivers/STM32L1xx_HAL_Driver/Src/stm32l1xx_hal_cortex.o
 .comment       0x000000000000007c       0x7d Drivers/STM32L1xx_HAL_Driver/Src/stm32l1xx_hal_gpio.o
 .comment       0x000000000000007c       0x7d Drivers/STM32L1xx_HAL_Driver/Src/stm32l1xx_hal_rcc.o
 .comment       0x000000000000007c       0x7d Drivers/STM32L1xx_HAL_Driver/Src/stm32l1xx_hal_tim.o
 .comment       0x000000000000007c       0x7d Drivers/STM32L1xx_HAL_Driver/Src/stm32l1xx_hal_uart.o
 .comment       0x000000000000007c       0x7d Middlewares/Third_Party/FreeRTOS/Source/CMSIS_RTOS/cmsis_os.o
 .comment       0x000000000000007c       0x7d Middlewares/Third_Party/FreeRTOS/Source/list.o
 .comment       0x000000000000007c       0x7d Middlewares/Third_Party/FreeRTOS/Source/portable/GCC/ARM_CM3/port.o
 .comment       0x000000000000007c       0x7d Middlewares/Third_Party/FreeRTOS/Source/portable/MemMang/heap_4.o
 .comment       0x000000000000007c       0x7d Middlewares/Third_Party/FreeRTOS/Source/queue.o
 .comment       0x000000000000007c       0x7d Middlewares/Third_Party/FreeRTOS/Source/tasks.o
 .comment       0x000000000000007c       0x7d Src/main.o
 .comment       0x000000000000007c       0x7d Src/stm32l1xx_hal_msp.o
 .comment       0x000000000000007c       0x7d Src/stm32l1xx_hal_timebase_tim.o
 .comment       0x000000000000007c       0x7d Src/stm32l1xx_it.o
 .comment       0x000000000000007c       0x7d Src/system_stm32l1xx.o

.debug_frame    0x0000000000000000     0x202c
 .debug_frame   0x0000000000000000      0x164 Drivers/STM32L1xx_HAL_Driver/Src/stm32l1xx_hal.o
 .debug_frame   0x0000000000000164      0x158 Drivers/STM32L1xx_HAL_Driver/Src/stm32l1xx_hal_cortex.o
 .debug_frame   0x00000000000002bc       0xd4 Drivers/STM32L1xx_HAL_Driver/Src/stm32l1xx_hal_gpio.o
 .debug_frame   0x0000000000000390      0x160 Drivers/STM32L1xx_HAL_Driver/Src/stm32l1xx_hal_rcc.o
 .debug_frame   0x00000000000004f0      0x7ec Drivers/STM32L1xx_HAL_Driver/Src/stm32l1xx_hal_tim.o
 .debug_frame   0x0000000000000cdc      0x320 Drivers/STM32L1xx_HAL_Driver/Src/stm32l1xx_hal_uart.o
 .debug_frame   0x0000000000000ffc      0x4d4 Middlewares/Third_Party/FreeRTOS/Source/CMSIS_RTOS/cmsis_os.o
 .debug_frame   0x00000000000014d0       0x6c Middlewares/Third_Party/FreeRTOS/Source/list.o
 .debug_frame   0x000000000000153c       0xe0 Middlewares/Third_Party/FreeRTOS/Source/portable/GCC/ARM_CM3/port.o
 .debug_frame   0x000000000000161c       0x98 Middlewares/Third_Party/FreeRTOS/Source/portable/MemMang/heap_4.o
 .debug_frame   0x00000000000016b4      0x264 Middlewares/Third_Party/FreeRTOS/Source/queue.o
 .debug_frame   0x0000000000001918      0x4ac Middlewares/Third_Party/FreeRTOS/Source/tasks.o
 .debug_frame   0x0000000000001dc4       0xbc Src/main.o
 .debug_frame   0x0000000000001e80       0x58 Src/stm32l1xx_hal_msp.o
 .debug_frame   0x0000000000001ed8       0x50 Src/stm32l1xx_hal_timebase_tim.o
 .debug_frame   0x0000000000001f28       0x80 Src/stm32l1xx_it.o
 .debug_frame   0x0000000000001fa8       0x38 Src/system_stm32l1xx.o
 .debug_frame   0x0000000000001fe0       0x2c /opt/Atollic_TrueSTUDIO_for_STM32_x86_64_9.3.0/ARMTools/bin/../lib/gcc/arm-atollic-eabi/6.3.1/../../../../arm-atollic-eabi/lib/armv7-m/libc_nano.a(lib_a-init.o)
 .debug_frame   0x000000000000200c       0x20 /opt/Atollic_TrueSTUDIO_for_STM32_x86_64_9.3.0/ARMTools/bin/../lib/gcc/arm-atollic-eabi/6.3.1/../../../../arm-atollic-eabi/lib/armv7-m/libc_nano.a(lib_a-memset.o)
